// Jest Snapshot v1, https://goo.gl/fbAQLP

exports[`SplashScreen renders the splash screen 1`] = `
<View
  testID="splash-screen"
>
  <View>
    <Image
      resizeMode="contain"
      source={
        {
          "testUri": "../../../src/assets/images/logo.png",
        }
      }
    />
  </View>
  <View>
    <View>
      <ActivityIndicator
        color="#000"
        size="small"
      />
    </View>
    <Text>
      Loading...
    </Text>
  </View>
</View>
`;
